testdata/endless_loop3:1:11-12 Endless loop in local definition

local x = x + 1; 42


