testdata/from_recursive_array_call_integer:4:5-13 Called value must be a function, but it is assumed to be a number

    arr[0](),


testdata/from_recursive_array_call_integer:5:5-16 Called value must be a function, but it is assumed to be a number

    arr[1][0](),


testdata/from_recursive_array_call_integer:6:5-19 Called value must be a function, but it is assumed to be a number

    arr[1][1][0](),


testdata/from_recursive_array_call_integer:7:5-34 Called value must be a function, but it is assumed to be a number

    arr[1][1][1][1][1][1][1][0](),


