testdata/from_tuple_call_int:4:5-13 Called value must be a function, but it is assumed to be a number

    arr[1](),


