testdata/import2:1:1-26 Called value must be a function, but it is assumed to be a number

(import '42.jsonnet')(17)


