RUNTIME ERROR: Index -1 out of bounds, not within [0, 0)
-------------------------------------------------
	testdata/array_out_of_bounds3:1:1-7	$

[][-1]

-------------------------------------------------
	During evaluation	


