RUNTIME ERROR: Index 42 out of bounds, not within [0, 3)
-------------------------------------------------
	testdata/array_out_of_bounds4:1:1-12	$

[1,2,3][42]

-------------------------------------------------
	During evaluation	


