RUNTIME ERROR: Invalid unicode codepoint, got 1.114112e+06
-------------------------------------------------
	<builtin>	builtin function <char>

-------------------------------------------------
	During evaluation	


