<extvar:staticErrorVar>:1:1-2 Unexpected: (")", ")") while parsing terminal

)


