../testdata/extvar_hermetic:1:7-13 Unused variable: x

local x = 42; std.extVar("UndeclaredX")


