testdata/importbin_block_literal:(1:11)-(3:4) Block string literals not allowed in imports

importbin |||
	block_literals_for_imports_are_not_allowed_and_make_exactly_zero_sense
|||


