testdata/import_block_literal:(1:8)-(3:4) Block string literals not allowed in imports

import |||
	block_literals_for_imports_are_not_allowed_and_make_exactly_zero_sense
|||


