testdata/import_computed:1:8-17 Computed imports are not allowed

import "a" + "b"


