../testdata/lazy:1:52-59 Unused variable: z

local x = {'x': error "blah"}, f = function(x) 42, z = x.x; f(x.x)


