RUNTIME ERROR: xxx
-------------------------------------------------
		

-------------------------------------------------
	During manifestation	


