{
   "a": {
      "a": 1,
      "b": 42
   },
   "b": {
      "a": 1,
      "b": 43
   },
   "c": {
      "a": 1,
      "b": 43
   }
}
