RUNTIME ERROR: xxx
-------------------------------------------------
	testdata/object_comp_err_index:1:4-15	$

{ [error "xxx"]: 42 for x in [1] }

-------------------------------------------------
	<builtin>	builtin function <$objectFlatMerge>

-------------------------------------------------
	During evaluation	


