RUNTIME ERROR: Unexpected type string, expected boolean
-------------------------------------------------
	testdata/or6:1:1-15	$

false || "xxx"

-------------------------------------------------
	During evaluation	


