RUNTIME ERROR: Object assertion failed.
-------------------------------------------------
	testdata/stacktrace_assert:1:3-15	

{ assert false }

-------------------------------------------------
	Checking object assertions	

-------------------------------------------------
	During manifestation	


