testdata/static_error_eof:2:1 Expected , or ; but got end of file




