RUNTIME ERROR: Unexpected type number, expected string
-------------------------------------------------
	<builtin>	builtin function <md5>

-------------------------------------------------
	During evaluation	


