RUNTIME ERROR: Unexpected type string, expected function
-------------------------------------------------
	<builtin>	builtin function <makeArray>

-------------------------------------------------
	During evaluation	


