RUNTIME ERROR: Unexpected type number, expected array
-------------------------------------------------
	<builtin>	builtin function <filter>

-------------------------------------------------
	During evaluation	


